$# Creating journal file 
$# D:\0_Andres\1_Universidad\MUSE\EUE\Trabajos_EUE\Practica1\Nastran\sinusoida
$# l6\sinusoidal6.db.jou at 04-Apr-21 20:05:21
uil_file_rebuild.start("D:\Archivos de programa\MSC.Software\NaPa_SE\2020\" // @
"Patran/template.db","D:\0_Andres\1_Universidad\MUSE\EUE\Trabajos_EUE\Prac" // @
"tica1\Nastran\sinusoidal6\sinusoidal6.db")
$# Synchronizing the User Data Manager
set_current_dir( "D:\0_Andres\1_Universidad\MUSE\EUE\Trabajos_EUE\Practica" // @
"1\Nastran\sinusoidal6" )
$# The current working directory has been changed to the database location 
$# shown.                                                                     
$#                                                                            
$#                                   
STRING asm_create_grid_xyz_created_ids[VIRTUAL]
asm_const_grid_xyz( "1", "[0 0 0]", "Coord 0", asm_create_grid_xyz_created_ids )
$# 1 Point created: Point 1
point_size( 9 )
asm_const_grid_xyz( "2", "[0.225 0 0]", "Coord 0",  @
asm_create_grid_xyz_created_ids )
$# 1 Point created: Point 2
asm_const_grid_xyz( "3", "[0.45 0 0]", "Coord 0",  @
asm_create_grid_xyz_created_ids )
$# 1 Point created: Point 3
STRING asm_line_2point_created_ids[VIRTUAL]
asm_const_line_2point( "12", "Point 1", "Point 2", 0, "", 50., 1,  @
asm_line_2point_created_ids )
$# 1 Line created: Line 12
asm_const_line_2point( "23", "Point 2", "Point 3", 0, "", 50., 1,  @
asm_line_2point_created_ids )
$# 1 Line created: Line 23
point_label( TRUE )
curve_label( TRUE )
gm_hilight_clear(  )
gm_hilight_clear(  )
gm_hilight_clear(  )
gm_hilight_clear(  )
gm_hilight_clear(  )
gm_hilight_clear(  )
material.create( "Analysis code ID", 1, "Analysis type ID", 1, "mat", 0,  @
"Date: 04-Apr-21           Time: 20:06:34", "Isotropic", 1, "Directionality",  @
1, "Linearity", 1, "Homogeneous", 0, "Linear Elastic", 1,  @
"Model Options & IDs", ["", "", "", "", ""], [0, 0, 0, 0, 0], "Active Flag",  @
1, "Create", 10, "External Flag", FALSE, "Property IDs", ["Elastic Modulus",  @
"Poisson Ratio", "Density", "Structural Damping Coeff"], [2, 5, 16, 30, 0],  @
"Property Values", ["200e9", "0.3", "7900", "0.02", ""] )
elementprops_create( "masa_puntual", 1, 25, 18, 27, 2, 20, [2069, 4001, 4024,  @
10, 4026, 11, 4028, 4029, 12], [1, 2, 2, 1, 1, 1, 1, 1, 1], ["50", "< 0 1 0 >" @
, "< 0 0 0 >", "", "", "", "", "", ""], "Point 2" )
$# Property Set "masa_puntual" created.
elementprops_create( "masa_puntual", 1, 25, 18, 27, 2, 20, [2069, 4001, 4024,  @
10, 4026, 11, 4028, 4029, 12], [1, 2, 2, 1, 1, 1, 1, 1, 1], ["50.",  @
"<0. 0. 0.>", "<0. 0. 0.>", "", "", "", "", "", ""], "" )
$# Critical Decision requested from application ELEM_PROPS
$#     Property Set "masa_puntual" Exists. Overwrite?
$? YES 29002006 
$# Property Set "masa_puntual" created.
ui_exec_function( "mesh_seed_display_mgr", "init" )
mesh_seed_create( "Curve 12", 1, 60, 0., 0., 0. )
mesh_seed_create( "Curve 23", 1, 60, 0., 0., 0. )
mesh_seed_display_mgr.erase(  )
gm_hilight_clear(  )
gm_hilight_clear(  )
gm_hilight_clear(  )
gm_hilight_clear(  )
gm_hilight_clear(  )
gm_hilight_clear(  )
beam_section_create( "cuadrada", "BAR", ["20e-3", "20e-3"] )
$# Beam Section "cuadrada" created.
elementprops_create( "viga", 11, 2, 42, 1, 1, 20, [39, 13, 6, 4042, 4043,  @
2047, 2048, 1, 10, 11, 4026, 1026, 4044, 4045, 4037, 4047, 4048, 4050, 4051,  @
4053, 4054, 4056, 4057, 8112, 4061, 4303, 8111, 4403, 4404, 4410, 4411, 8200,  @
8201, 8202], [11, 5, 2, 2, 2, 4, 4, 1, 1, 1, 1, 1, 1, 1, 1, 1, 1, 1, 1, 1, 1,  @
1, 1, 1, 6, 4, 4, 1, 1, 1, 6, 4, 4, 4], ["cuadrada", "m:mat", "< 0 1 0 >",  @
"< 0 0 0 >", "< 0 0 0 >", "", "", "", "", "", "", "", "", "", "", "", "", "",  @
"", "", "", "", "", "", "", "", "", "", "", "", "", "Analysis", "Analysis",  @
"Analysis"], "Curve 12 23" )
$# Property Set "viga" created.
mesh_seed_display_mgr.erase(  )
INTEGER fem_create_mesh_curve_num_nodes
INTEGER fem_create_mesh_curve_num_elems
STRING fem_create_mesh_c_nodes_created[VIRTUAL]
STRING fem_create_mesh_c_elems_created[VIRTUAL]
fem_create_mesh_curv_1( "Curve 12", 16384, 0.022500001, "Bar2", "#", "#",  @
"Coord 0", "Coord 0", fem_create_mesh_curve_num_nodes,  @
fem_create_mesh_curve_num_elems, fem_create_mesh_c_nodes_created,  @
fem_create_mesh_c_elems_created )
$# 61 nodes and 60 elements created for Curve 12.
$# === 61 nodes created.  IDs  = 1:61.
$# === 60 elements created.  IDs  = 1:60.
fem_associate_elems_to_ep( "viga", fem_create_mesh_c_elems_created,  @
fem_create_mesh_curve_num_elems )
$# 60 Element(s) associated to the Element Property viga.
fem_create_mesh_curv_1( "Curve 23", 16384, 0.022500001, "Bar2", "#", "161",  @
"Coord 0", "Coord 0", fem_create_mesh_curve_num_nodes,  @
fem_create_mesh_curve_num_elems, fem_create_mesh_c_nodes_created,  @
fem_create_mesh_c_elems_created )
$# 61 nodes and 60 elements created for Curve 23.
$# === 61 nodes created.  IDs  = 62:122.
$# === 60 elements created.  IDs  = 161:220.
fem_associate_elems_to_ep( "viga", fem_create_mesh_c_elems_created,  @
fem_create_mesh_curve_num_elems )
$# 60 Element(s) associated to the Element Property viga.
bar_elem_label( TRUE )
tri_elem_label( TRUE )
quad_elem_label( TRUE )
tet_elem_label( TRUE )
wedge_elem_label( TRUE )
hex_elem_label( TRUE )
mpc_label( TRUE )
bar_elem_label( FALSE )
tri_elem_label( FALSE )
quad_elem_label( FALSE )
tet_elem_label( FALSE )
wedge_elem_label( FALSE )
hex_elem_label( FALSE )
mpc_label( FALSE )
curve_label( FALSE )
point_label( FALSE )
bar_elem_label( TRUE )
tri_elem_label( TRUE )
quad_elem_label( TRUE )
tet_elem_label( TRUE )
wedge_elem_label( TRUE )
hex_elem_label( TRUE )
mpc_label( TRUE )
ga_view_center_set( -0.004086, 0.001943 )
ga_view_zoom_set( 0.117969 )
ga_view_center_set( -0.008684, 0.004128 )
ga_view_zoom_set( 0.132715 )
ga_view_center_set( -0.013855, 0.006587 )
ga_view_zoom_set( 0.149304 )
ga_view_center_set( -0.008684, 0.004128 )
ga_view_zoom_set( 0.132715 )
ga_view_center_set( 0.002600, -0.001236 )
ga_view_zoom_set( 0.096520 )
ga_view_center_set( 0.008619, -0.004229 )
ga_view_zoom_set( 0.077216 )
ga_view_center_set( 0.011293, -0.005413 )
ga_view_zoom_set( 0.068636 )
ga_view_center_set( 0.018426, -0.008570 )
ga_view_zoom_set( 0.045758 )
ga_view_center_set( 0.019318, -0.007366 )
ga_view_zoom_set( 0.040673 )
ga_view_center_set( 0.020096, -0.006296 )
ga_view_zoom_set( 0.036154 )
ga_view_center_set( 0.021759, -0.003961 )
ga_view_zoom_set( 0.026294 )
ga_view_center_set( 0.023578, -0.004090 )
ga_view_zoom_set( 0.029581 )
node_label( TRUE )
bar_elem_label( FALSE )
tri_elem_label( FALSE )
quad_elem_label( FALSE )
tet_elem_label( FALSE )
wedge_elem_label( FALSE )
hex_elem_label( FALSE )
mpc_label( FALSE )
ga_view_center_set( 0.025185, -0.004688 )
ga_view_zoom_set( 0.033278 )
ga_view_center_set( 0.026977, -0.005319 )
ga_view_zoom_set( 0.037438 )
ga_view_center_set( 0.028994, -0.006012 )
ga_view_zoom_set( 0.042118 )
ga_view_center_set( 0.033533, -0.007537 )
ga_view_zoom_set( 0.052647 )
ga_view_center_set( 0.036392, -0.008490 )
ga_view_zoom_set( 0.059228 )
ga_view_center_set( 0.033533, -0.007537 )
ga_view_zoom_set( 0.052647 )
ga_view_center_set( 0.030992, -0.006690 )
ga_view_zoom_set( 0.046798 )
ga_view_center_set( 0.024215, -0.004431 )
ga_view_zoom_set( 0.031198 )
ga_view_center_set( 0.020548, -0.003141 )
ga_view_zoom_set( 0.022690 )
ga_view_center_set( 0.019461, -0.002759 )
ga_view_zoom_set( 0.020169 )
ga_view_center_set( 0.018495, -0.002419 )
ga_view_zoom_set( 0.017928 )
ga_view_center_set( 0.017637, -0.002117 )
ga_view_zoom_set( 0.015936 )
ga_view_center_set( 0.015347, -0.001312 )
ga_view_zoom_set( 0.010624 )
ga_view_center_set( 0.014839, -0.001137 )
ga_view_zoom_set( 0.009443 )
ga_view_center_set( 0.014386, -0.000996 )
ga_view_zoom_set( 0.008394 )
ga_view_center_set( 0.013400, -0.000703 )
ga_view_zoom_set( 0.006105 )
ga_view_center_set( 0.013107, -0.000616 )
ga_view_zoom_set( 0.005427 )
ga_view_center_set( 0.012680, -0.000474 )
ga_view_zoom_set( 0.004341 )
ga_view_center_set( 0.012490, -0.000411 )
ga_view_zoom_set( 0.003859 )
point_label( TRUE )
point_label( FALSE )
node_label( FALSE )
node_label( TRUE )
ga_view_center_set( 0.012609, -0.000319 )
ga_view_zoom_set( 0.003430 )
ga_view_center_set( 0.012714, -0.000241 )
ga_view_zoom_set( 0.003049 )
ga_view_center_set( 0.012807, -0.000171 )
ga_view_zoom_set( 0.002710 )
ga_view_center_set( 0.012955, -0.000059 )
ga_view_zoom_set( 0.002168 )
ga_view_center_set( 0.012810, -0.000167 )
ga_view_zoom_set( 0.002710 )
ga_view_center_set( 0.012720, -0.000235 )
ga_view_zoom_set( 0.003049 )
ga_view_center_set( 0.012618, -0.000311 )
ga_view_zoom_set( 0.003430 )
ga_view_center_set( 0.012503, -0.000396 )
ga_view_zoom_set( 0.003859 )
ga_view_center_set( 0.012374, -0.000492 )
ga_view_zoom_set( 0.004341 )
ga_view_center_set( 0.012231, -0.000604 )
ga_view_zoom_set( 0.004884 )
ga_view_center_set( 0.012070, -0.000730 )
ga_view_zoom_set( 0.005494 )
ga_view_center_set( 0.011707, -0.001013 )
ga_view_zoom_set( 0.006868 )
ga_view_center_set( 0.011486, -0.001123 )
ga_view_zoom_set( 0.007726 )
ga_view_center_set( 0.011241, -0.001243 )
ga_view_zoom_set( 0.008692 )
ga_view_center_set( 0.010712, -0.001498 )
ga_view_zoom_set( 0.010865 )
ga_view_center_set( 0.010050, -0.001818 )
ga_view_zoom_set( 0.013582 )
ga_view_center_set( 0.009654, -0.002023 )
ga_view_zoom_set( 0.015279 )
ga_view_center_set( 0.008395, -0.002677 )
ga_view_zoom_set( 0.021009 )
ga_view_center_set( 0.007240, -0.003277 )
ga_view_zoom_set( 0.026261 )
ga_view_center_set( 0.006620, -0.003808 )
ga_view_zoom_set( 0.029544 )
ga_view_center_set( 0.005273, -0.005003 )
ga_view_zoom_set( 0.036930 )
ga_view_center_set( 0.004432, -0.005750 )
ga_view_zoom_set( 0.041546 )
ga_view_center_set( 0.003485, -0.006591 )
ga_view_zoom_set( 0.046739 )
ga_view_center_set( 0.001355, -0.008482 )
ga_view_zoom_set( 0.058424 )
ga_view_center_set( 0.000024, -0.009664 )
ga_view_zoom_set( 0.065727 )
ga_view_center_set( -0.001474, -0.010993 )
ga_view_zoom_set( 0.073943 )
ga_view_center_set( -0.003159, -0.012489 )
ga_view_zoom_set( 0.083186 )
ga_view_center_set( -0.005054, -0.014172 )
ga_view_zoom_set( 0.093584 )
ga_view_center_set( -0.007186, -0.016065 )
ga_view_zoom_set( 0.105282 )
ga_view_center_set( -0.009585, -0.018195 )
ga_view_zoom_set( 0.118443 )
ga_view_center_set( -0.012284, -0.020591 )
ga_view_zoom_set( 0.133248 )
ga_view_center_set( -0.009585, -0.018195 )
ga_view_zoom_set( 0.118443 )
ga_view_center_set( -0.007186, -0.016065 )
ga_view_zoom_set( 0.105282 )
ga_view_center_set( 0.001283, -0.014172 )
ga_view_zoom_set( 0.093584 )
ga_view_center_set( 0.008741, -0.012560 )
ga_view_zoom_set( 0.083186 )
ga_view_center_set( 0.015370, -0.011127 )
ga_view_zoom_set( 0.073943 )
ga_view_center_set( 0.006190, -0.011899 )
ga_view_zoom_set( 0.083186 )
ga_view_center_set( -0.004810, -0.013121 )
ga_view_zoom_set( 0.093584 )
ga_view_center_set( -0.017186, -0.014496 )
ga_view_zoom_set( 0.105282 )
ga_view_center_set( -0.031109, -0.016043 )
ga_view_zoom_set( 0.118443 )
ga_view_center_set( -0.017679, -0.014451 )
ga_view_zoom_set( 0.105282 )
ga_view_center_set( -0.005742, -0.013036 )
ga_view_zoom_set( 0.093584 )
ga_view_aa_set( 0.000000, -5.000000, 0.000000 )
ga_view_center_set( 0.149241, -0.021559 )
ga_view_zoom_set( 0.105282 )
ga_view_center_set( 0.137246, -0.021671 )
ga_view_zoom_set( 0.118443 )
ga_view_center_set( 0.110259, -0.021923 )
ga_view_zoom_set( 0.148053 )
ga_view_center_set( 0.093391, -0.022081 )
ga_view_zoom_set( 0.166560 )
ga_view_center_set( 0.074629, -0.022400 )
ga_view_zoom_set( 0.187380 )
ga_view_center_set( 0.032412, -0.023118 )
ga_view_zoom_set( 0.234225 )
ga_view_center_set( 0.055866, -0.022719 )
ga_view_zoom_set( 0.208200 )
ga_view_center_set( 0.076714, -0.022364 )
ga_view_zoom_set( 0.185067 )
ga_view_center_set( 0.121512, -0.021591 )
ga_view_zoom_set( 0.134594 )
ga_view_center_set( 0.145679, -0.020811 )
ga_view_zoom_set( 0.107675 )
ga_view_center_set( 0.156420, -0.020464 )
ga_view_zoom_set( 0.095711 )
ga_view_center_set( 0.179855, -0.019708 )
ga_view_zoom_set( 0.069608 )
ga_view_center_set( 0.192448, -0.018831 )
ga_view_zoom_set( 0.055687 )
ga_view_center_set( 0.202523, -0.018129 )
ga_view_zoom_set( 0.044549 )
ga_view_center_set( 0.210583, -0.017567 )
ga_view_zoom_set( 0.035639 )
ga_view_center_set( 0.220844, -0.015199 )
ga_view_zoom_set( 0.023760 )
ga_view_center_set( 0.223124, -0.014673 )
ga_view_zoom_set( 0.021120 )
ga_view_center_set( 0.044452, -0.012561 )
ga_view_center_set( 0.005380, -0.012561 )
mesh_seed_display_mgr.erase(  )
ga_view_center_set( 0.007887, -0.012981 )
ga_view_zoom_set( 0.018773 )
ga_view_center_set( 0.011897, -0.013653 )
ga_view_zoom_set( 0.015018 )
ga_view_center_set( 0.013680, -0.013951 )
ga_view_zoom_set( 0.013350 )
ga_view_center_set( 0.015254, -0.014232 )
ga_view_zoom_set( 0.011866 )
ga_view_center_set( 0.013685, -0.013946 )
ga_view_zoom_set( 0.013350 )
ga_view_center_set( 0.011920, -0.013625 )
ga_view_zoom_set( 0.015018 )
ga_view_center_set( 0.009934, -0.013264 )
ga_view_zoom_set( 0.016896 )
ga_view_center_set( 0.005465, -0.012450 )
ga_view_zoom_set( 0.021120 )
ga_view_center_set( -0.000121, -0.011434 )
ga_view_zoom_set( 0.026400 )
ga_view_center_set( -0.003612, -0.010799 )
ga_view_zoom_set( 0.029700 )
ga_view_center_set( -0.007539, -0.010084 )
ga_view_zoom_set( 0.033412 )
ga_view_center_set( -0.011958, -0.009280 )
ga_view_zoom_set( 0.037588 )
ga_view_center_set( -0.021803, -0.007471 )
ga_view_zoom_set( 0.046986 )
ga_view_center_set( -0.027956, -0.006340 )
ga_view_zoom_set( 0.052859 )
ga_view_center_set( -0.034879, -0.005069 )
ga_view_zoom_set( 0.059466 )
ga_view_center_set( -0.041400, -0.003460 )
ga_view_zoom_set( 0.066899 )
ga_view_center_set( -0.048737, -0.001651 )
ga_view_zoom_set( 0.075262 )
ga_view_center_set( -0.056991, 0.000384 )
ga_view_zoom_set( 0.084670 )
ga_view_center_set( -0.066276, 0.002674 )
ga_view_zoom_set( 0.095253 )
ga_view_center_set( -0.076276, 0.005331 )
ga_view_zoom_set( 0.107160 )
ga_view_center_set( -0.087526, 0.008321 )
ga_view_zoom_set( 0.120555 )
ga_view_center_set( -0.100182, 0.011684 )
ga_view_zoom_set( 0.135624 )
ga_view_center_set( -0.041864, 0.008971 )
$# UNDO:
ga_view_aa_set( 0., 0., 0. )
ga_view_center_set( -0.035523, 0.006738 )
ga_view_zoom_set( 0.120555 )
ga_view_center_set( -0.029932, 0.004616 )
ga_view_zoom_set( 0.107160 )
ga_view_center_set( -0.024963, 0.002729 )
ga_view_zoom_set( 0.095253 )
ga_view_center_set( -0.020653, 0.001125 )
ga_view_zoom_set( 0.084670 )
ga_view_center_set( -0.016855, -0.000302 )
ga_view_zoom_set( 0.075262 )
ga_view_center_set( -0.008568, -0.003414 )
ga_view_zoom_set( 0.054736 )
ga_view_center_set( -0.006112, -0.004336 )
ga_view_zoom_set( 0.048654 )
ga_view_center_set( -0.004998, -0.004216 )
ga_view_zoom_set( 0.043248 )
ga_view_center_set( -0.002727, -0.003995 )
ga_view_zoom_set( 0.031453 )
ga_view_center_set( -0.001538, -0.003877 )
ga_view_zoom_set( 0.025163 )
ga_view_center_set( -0.001057, -0.003777 )
ga_view_zoom_set( 0.022367 )
ga_view_center_set( -0.000302, -0.003617 )
ga_view_zoom_set( 0.017893 )
ga_view_center_set( 0.000026, -0.003546 )
ga_view_zoom_set( 0.015905 )
ga_view_center_set( -0.000851, -0.002899 )
ga_view_zoom_set( 0.017893 )
ga_view_center_set( -0.001838, -0.002172 )
ga_view_zoom_set( 0.020130 )
ga_view_center_set( -0.002948, -0.001353 )
ga_view_zoom_set( 0.022646 )
ga_view_center_set( -0.005446, 0.000489 )
ga_view_zoom_set( 0.028308 )
ga_view_center_set( -0.010058, 0.003799 )
ga_view_zoom_set( 0.038923 )
ga_view_center_set( -0.014285, 0.006832 )
ga_view_zoom_set( 0.048654 )
ga_view_center_set( -0.016927, 0.008728 )
ga_view_zoom_set( 0.054736 )
ga_view_center_set( -0.019712, 0.010745 )
ga_view_zoom_set( 0.061578 )
ga_view_center_set( -0.025980, 0.015282 )
ga_view_zoom_set( 0.076972 )
ga_view_center_set( -0.029898, 0.018118 )
ga_view_zoom_set( 0.086594 )
ga_view_center_set( -0.034084, 0.021271 )
ga_view_zoom_set( 0.097418 )
ga_view_center_set( -0.038793, 0.024818 )
ga_view_zoom_set( 0.109595 )
ga_view_center_set( -0.049388, 0.032800 )
ga_view_zoom_set( 0.136994 )
ga_view_center_set( -0.056010, 0.037788 )
ga_view_zoom_set( 0.154118 )
REAL fem_equiv_all_x_equivtol_ab
INTEGER fem_equiv_all_x_segment
fem_equiv_all_group4( [" "], 0, "", 1, 1, 0.0033749701, FALSE,  @
fem_equiv_all_x_equivtol_ab, fem_equiv_all_x_segment )
$# Realigning database with new node numbers...
$# Database realignment completed.
$# Geometric equivalencing completed. 1 node deleted.
ga_view_center_set( -0.064511, 0.046945 )
ga_view_zoom_set( 0.173383 )
ga_view_center_set( -0.074073, 0.057246 )
ga_view_zoom_set( 0.195056 )
ga_view_center_set( -0.084831, 0.068835 )
ga_view_zoom_set( 0.219438 )
ga_view_center_set( -0.074073, 0.057246 )
ga_view_zoom_set( 0.195056 )
ga_view_center_set( -0.064511, 0.046945 )
ga_view_zoom_set( 0.173383 )
ga_view_center_set( -0.043647, 0.024470 )
ga_view_zoom_set( 0.126097 )
ga_view_center_set( -0.037656, 0.017810 )
ga_view_zoom_set( 0.112086 )
ga_view_center_set( -0.032330, 0.011891 )
ga_view_zoom_set( 0.099632 )
ga_view_center_set( -0.027597, 0.006629 )
ga_view_zoom_set( 0.088562 )
ga_view_center_set( -0.017269, -0.004851 )
ga_view_zoom_set( 0.064409 )
ga_view_center_set( -0.014209, -0.008252 )
ga_view_zoom_set( 0.057252 )
ga_view_center_set( -0.011554, -0.011319 )
ga_view_zoom_set( 0.050891 )
ga_view_center_set( -0.007306, -0.016226 )
ga_view_zoom_set( 0.040713 )
ga_view_center_set( -0.005417, -0.018407 )
ga_view_zoom_set( 0.036189 )
ga_view_center_set( -0.003739, -0.020345 )
ga_view_zoom_set( 0.032168 )
ga_view_center_set( -0.001054, -0.023447 )
ga_view_zoom_set( 0.025734 )
ga_view_center_set( -0.002265, -0.021940 )
ga_view_zoom_set( 0.028951 )
ga_view_center_set( -0.003628, -0.020245 )
ga_view_zoom_set( 0.032570 )
ga_view_center_set( -0.005160, -0.018337 )
ga_view_zoom_set( 0.036641 )
ga_view_center_set( -0.006885, -0.016192 )
ga_view_zoom_set( 0.041222 )
ga_view_center_set( -0.008825, -0.013778 )
ga_view_zoom_set( 0.046374 )
ga_view_center_set( -0.011007, -0.011062 )
ga_view_zoom_set( 0.052171 )
ga_view_center_set( -0.013462, -0.008007 )
ga_view_zoom_set( 0.058692 )
ga_view_center_set( -0.016224, -0.004570 )
ga_view_zoom_set( 0.066029 )
ga_view_center_set( -0.019332, -0.000703 )
ga_view_zoom_set( 0.074283 )
ga_view_center_set( -0.022828, 0.003647 )
ga_view_zoom_set( 0.083568 )
mesh_seed_display_mgr.erase(  )
STRING fem_create_nodes__nodes_created[VIRTUAL]
fem_create_nodes_1( "Coord 0", "Coord 0", 3, "1000", "Point 2",  @
fem_create_nodes__nodes_created )
$# === 1 node created.  ID = 1000.
mesh_seed_display_mgr.erase(  )
$# UNDO: FEM create elem command
STRING fem_create_elemen_elems_created[VIRTUAL]
fem_create_elems_1( "Point ", "Point", "9999", "Standard", 3, "Node 1000", "", @
 "", "", "", "", "", "", fem_create_elemen_elems_created )
$# === 1 element created.  ID = 9999.
fem_associate_elems_to_ep( "masa_puntual", "9999", 1 )
$# 1 Element(s) associated to the Element Property masa_puntual.
mesh_seed_display_mgr.erase(  )
ga_view_center_set( -0.025550, 0.004198 )
ga_view_zoom_set( 0.094014 )
ga_view_center_set( -0.028814, 0.004819 )
ga_view_zoom_set( 0.105766 )
ga_view_center_set( -0.032485, 0.005517 )
ga_view_zoom_set( 0.118986 )
ga_view_center_set( -0.036615, 0.006303 )
ga_view_zoom_set( 0.133860 )
ga_view_center_set( -0.032485, 0.005517 )
ga_view_zoom_set( 0.118986 )
ga_view_center_set( -0.028814, 0.004819 )
ga_view_zoom_set( 0.105766 )
ga_view_center_set( -0.025550, 0.004198 )
ga_view_zoom_set( 0.094014 )
ga_view_center_set( -0.018431, 0.002844 )
ga_view_zoom_set( 0.068374 )
ga_view_center_set( -0.014633, 0.002076 )
ga_view_zoom_set( 0.054699 )
ga_view_center_set( -0.012946, 0.001734 )
ga_view_zoom_set( 0.048621 )
ga_view_center_set( -0.010245, 0.001187 )
ga_view_zoom_set( 0.038897 )
ga_view_center_set( -0.009045, 0.000944 )
ga_view_zoom_set( 0.034575 )
ga_view_center_set( -0.007979, 0.000728 )
ga_view_zoom_set( 0.030733 )
ga_view_center_set( -0.005651, 0.000257 )
ga_view_zoom_set( 0.022352 )
ga_view_center_set( -0.004410, -0.000009 )
ga_view_zoom_set( 0.017881 )
ga_view_center_set( -0.003858, -0.000135 )
ga_view_zoom_set( 0.015894 )
ga_view_center_set( -0.003368, -0.000246 )
ga_view_zoom_set( 0.014128 )
ga_view_center_set( -0.002060, -0.000543 )
ga_view_zoom_set( 0.009419 )
ga_view_center_set( -0.001347, -0.000696 )
ga_view_zoom_set( 0.006850 )
ga_view_center_set( -0.001135, -0.000741 )
ga_view_zoom_set( 0.006089 )
ga_view_center_set( -0.000797, -0.000814 )
ga_view_zoom_set( 0.004871 )
fem_create_mpc_nodal2( 1, "RBE2", 0., 2, [TRUE, FALSE], ["0", "0"], [ @
"Node 1000", "Node 61"], ["UX,UY,UZ,RX,RY,RZ", ""] )
$# MPC 1 created.
mesh_seed_display_mgr.erase(  )
gm_hilight_clear(  )
gm_hilight_clear(  )
gm_hilight_clear(  )
gm_hilight_clear(  )
gm_hilight_clear(  )
gm_hilight_clear(  )
loadcase_create2( "Carga_armonica", "Time Dependent", "", 1., [""], [0], [0.], @
 "", 0., TRUE )
$# Load Case "Carga_armonica" created.
gm_hilight_clear(  )
gm_hilight_clear(  )
gm_hilight_clear(  )
gm_hilight_clear(  )
gm_hilight_clear(  )
gm_hilight_clear(  )
gm_hilight_clear(  )
gm_hilight_clear(  )
gm_hilight_clear(  )
gm_hilight_clear(  )
gm_hilight_clear(  )
gm_hilight_clear(  )
gm_hilight_clear(  )
gm_hilight_clear(  )
gm_hilight_clear(  )
ga_view_center_set( -0.001416, -0.000601 )
ga_view_zoom_set( 0.005480 )
ga_view_center_set( -0.002113, -0.000362 )
ga_view_zoom_set( 0.006165 )
ga_view_center_set( -0.002897, -0.000093 )
ga_view_zoom_set( 0.006936 )
ga_view_center_set( -0.003778, 0.000210 )
ga_view_zoom_set( 0.007803 )
ga_view_center_set( -0.005762, 0.000891 )
ga_view_zoom_set( 0.009753 )
ga_view_center_set( -0.007002, 0.001317 )
ga_view_zoom_set( 0.010973 )
ga_view_center_set( -0.008397, 0.001796 )
ga_view_zoom_set( 0.012344 )
ga_view_center_set( -0.011536, 0.002874 )
ga_view_zoom_set( 0.015430 )
ga_view_center_set( -0.013498, 0.003547 )
ga_view_zoom_set( 0.017359 )
ga_view_center_set( -0.015704, 0.004305 )
ga_view_zoom_set( 0.019529 )
ga_view_center_set( -0.018187, 0.005157 )
ga_view_zoom_set( 0.021970 )
ga_view_center_set( -0.020980, 0.006117 )
ga_view_zoom_set( 0.024716 )
ga_view_center_set( -0.024122, 0.007196 )
ga_view_zoom_set( 0.027806 )
ga_view_center_set( -0.031192, 0.009623 )
ga_view_zoom_set( 0.034757 )
ga_view_center_set( -0.035611, 0.011140 )
ga_view_zoom_set( 0.039102 )
ga_view_center_set( -0.045553, 0.014554 )
ga_view_zoom_set( 0.048877 )
ga_view_center_set( -0.057980, 0.018822 )
ga_view_zoom_set( 0.061097 )
ga_view_center_set( -0.065748, 0.021489 )
ga_view_zoom_set( 0.068734 )
ga_view_center_set( -0.083224, 0.027490 )
ga_view_zoom_set( 0.085917 )
ga_view_center_set( -0.115992, 0.038742 )
ga_view_zoom_set( 0.118136 )
ga_view_center_set( -0.131010, 0.043899 )
ga_view_zoom_set( 0.132903 )
ga_view_center_set( -0.115992, 0.038742 )
ga_view_zoom_set( 0.118136 )
ga_view_center_set( -0.102642, 0.034158 )
ga_view_zoom_set( 0.105010 )
ga_view_center_set( -0.090775, 0.030083 )
ga_view_zoom_set( 0.093342 )
ga_view_center_set( -0.081012, 0.023500 )
ga_view_zoom_set( 0.074674 )
ga_view_center_set( -0.076672, 0.020574 )
ga_view_zoom_set( 0.066377 )
ga_view_center_set( -0.072865, 0.017822 )
ga_view_zoom_set( 0.059001 )
ga_view_center_set( -0.076647, 0.020649 )
ga_view_zoom_set( 0.066377 )
ga_view_center_set( -0.080902, 0.023830 )
ga_view_zoom_set( 0.074674 )
ga_view_center_set( -0.090474, 0.030985 )
ga_view_zoom_set( 0.093342 )
ga_view_center_set( -0.096457, 0.035458 )
ga_view_zoom_set( 0.105010 )
ga_view_center_set( -0.103188, 0.040310 )
ga_view_zoom_set( 0.118136 )
ga_view_center_set( -0.110760, 0.045769 )
ga_view_zoom_set( 0.132903 )
ga_view_center_set( -0.119279, 0.051910 )
ga_view_zoom_set( 0.149516 )
ga_view_center_set( -0.128863, 0.058819 )
ga_view_zoom_set( 0.168206 )
loadsbcs_create2( "BC", "Displacement", "Nodal", "", "Time Dependent", [ @
"Point 1 3"], "Geometry", "Coord 0", "1.", ["< 0 0 0 >", "<     >", "<     >", @
 "<     >"], [" ", " ", " ", " "] )
$# Load/BC set "BC" created.
gm_hilight_clear(  )
gm_hilight_clear(  )
gm_hilight_clear(  )
$# Warning reported from application APP INTERFACES
$#     For a multi-subcase Modal Frequency Response analysis, errors will 
$# occur if subsequent subcases do not agree with the first subcase in the 
$# specification of ...
$#  	1) Boundary displacement constraints.
$#  	2) Frequency-dependent modal damping table.
$#  	3) Total number of solution frequencies requested, although values may 
$# differ.
$#  Beginning analysis of  sinusoidal6
jobfile.open( "sinusoidal6", "ANALYZE NO JOBFILE" )
msc_delete_old_files( "sinusoidal6", ".bdf", ".op2" )
jobfile.write_spl( "/* Jobfile for PATNAS created %A% at %A% */", ["04-Apr-21" @
, "20:18:38"] )
jobfile.writec( "", "TRANSLATOR = pat3nas" )
jobfile.writec( "DATABASE", "D:\0_Andres\1_Universidad\MUSE\EUE\Trabajos_E" // @
"UE\Practica1\Nastran\sinusoidal6\sinusoidal6.db" )
jobfile.writec( "JOBNAME", "sinusoidal6" )
jobfile.writec( "ANALYSIS TITLE", "MSC.Nastran job created on 04-Apr-21 at" // @
" 20:18:10" )
jobfile.writec( "ANALYSIS SUBTITLE", "" )
jobfile.writec( "ANALYSIS LABEL", "" )
jobfile.writec( "", "" )
jobfile.writec( "OBJECT", "Entire Model" )
jobfile.writec( "METHOD", "Full Run" )
jobfile.writec( "", "" )
jobfile.writec( "MODEL SUFFIX", ".bdf" )
jobfile.writec( "RESULTS SUFFIX", ".op2" )
jobfile.writec( "", "" )
jobfile.writec( "", "/*" )
jobfile.writec( "", " * File Search Path Declaration" )
jobfile.writec( "", " */" )
jobfile.writec( "", "" )
jobfile.writec( "File Search Path", "C:\Users\Andrés" )
jobfile.writec( "File Search Path", "D:\Archivos de programa\MSC.Software\" // @
"NaPa_SE\2020\Patran" )
jobfile.writec( "File Search Path", "D:\Archivos de programa\MSC.Software\" // @
"NaPa_SE\2020\Patran\helpfiles" )
jobfile.writec( "File Search Path", "D:\Archivos de programa\MSC.Software\" // @
"NaPa_SE\2020\Patran\alters" )
jobfile.writec( "File Search Path", "D:\Archivos de programa\MSC.Software\" // @
"NaPa_SE\2020\Patran\icons" )
jobfile.writec( "File Search Path", "D:\Archivos de programa\MSC.Software\" // @
"NaPa_SE\2020\Patran\icons\RibbonIcons" )
jobfile.writec( "File Search Path", "D:\Archivos de programa\MSC.Software\" // @
"NaPa_SE\2020\Patran\bin" )
jobfile.writec( "File Search Path", "D:\Archivos de programa\MSC.Software\" // @
"NaPa_SE\2020\Patran\bin\exe" )
jobfile.writec( "File Search Path", "D:\Archivos de programa\MSC.Software\" // @
"NaPa_SE\2020\Patran\mscexplore_files\" )
jobfile.writec( "File Search Path", "D:\Archivos de programa\MSC.Software\" // @
"NaPa_SE\2020\Patran\mscprocor_files\dmap" )
jobfile.writec( "File Search Path", "D:\Archivos de programa\MSC.Software\" // @
"NaPa_SE\2020\Patran\mscprocor_files\plb" )
jobfile.writec( "File Search Path", "D:\Archivos de programa\MSC.Software\" // @
"NaPa_SE\2020\Patran\mscprocor_files\lib" )
jobfile.writec( "File Search Path", "D:\Archivos de programa\MSC.Software\" // @
"NaPa_SE\2020\Patran\mscprocor_files\icons" )
jobfile.writec( "File Search Path", "D:\Archivos de programa\MSC.Software\" // @
"NaPa_SE\2020\Patran\shareware\msc\unsupported\utilities\icons" )
jobfile.writec( "File Search Path", "D:\Archivos de programa\MSC.Software\" // @
"NaPa_SE\2020\Patran\shareware\msc\unsupported\utilities\plb" )
jobfile.writec( "File Search Path", "D:\Archivos de programa\MSC.Software\" // @
"NaPa_SE\2020\Patran\shareware\msc\unsupported\utilities\extra_files" )
jobfile.writec( "", "" )
jobfile.writec( "", "/*" )
jobfile.writec( "", " * Translation Parameters" )
jobfile.writec( "", " */" )
jobfile.writec( "", "" )
jobfile.writec( "DATA OUTPUT", "HDF5+PRINT" )
jobfile.writec( "OUTPUT2 REQUESTS", "P3 Built In" )
jobfile.writec( "OUTPUT2 FORMAT", "Binary" )
jobfile.writec( "DIVISION TOLERANCE", "1.0e-08" )
jobfile.writec( "NUMERICAL TOLERANCE", "1.0e-04" )
jobfile.writec( "WRITING TOLERANCE", "1.0e-21" )
jobfile.writec( "GEOM CHECK", "INFORM" )
jobfile.writec( "SORTED BULK", "NO" )
jobfile.writec( "CARD FORMAT", "either" )
jobfile.writec( "NODE COORDINATES", "reference frame" )
jobfile.writec( "COORD COORDINATES", "global" )
jobfile.writec( "MSC.Nastran VERSION", "2020." )
jobfile.writec( "WRITE STORED PRECISION", "TRUE" )
jobfile.writec( "WRITE IN FREE FORMAT", "FALSE" )
jobfile.writec( "PROPS ON ELEM ENTRY", "FALSE" )
jobfile.writec( "CONTINUATION ENTRY", "FALSE" )
jobfile.writec( "PCOMPG ENTRY", "TRUE" )
jobfile.writec( "CONVERT CBAR CBEAM", "FALSE" )
jobfile.writec( "ITERATIVE SOLVER", "FALSE" )
jobfile.writei( "SUPER ELEMENT 0", 0 )
jobfile.writec( "SEALL WRITE", "FALSE" )
jobfile.writec( "PART SUPERELEMENT CREATE", "TRUE" )
jobfile.writec( "AUTOQSET", "FALSE" )
jobfile.writec( "FIXEDB", "FALSE" )
jobfile.writei( "SUPER TREE COUNT", 0 )
jobfile.writec( "MODEL TOLERANCE", "0.0049999999" )
jobfile.writec( "ELEMENT PROPERTY OFFSET", "0" )
jobfile.writec( "MATERIAL PROPERTY OFFSET", "0" )
jobfile.writec( "TABLE OFFSET", "0" )
jobfile.writec( "LOAD SET OFFSET", "0" )
jobfile.writec( "LOAD CASE OFFSET", "0" )
jobfile.writec( "CONTROL SET OFFSET", "0" )
jobfile.writec( "RIGID ELEMENT OFFSET", "0" )
jobfile.writec( "SCALAR POINT OFFSET", "0" )
jobfile.writec( "BEGINNING CONTINUATION MARKER", "+      A" )
jobfile.writec( "NUMBER ONLY", "ON" )
jobfile.writec( "BEGINNING NUMBER", "OFF" )
jobfile.writec( "TRAILING NUMBER", "OFF" )
jobfile.writec( "SYNTAX NUMBER", "ON" )
jobfile.writec( "SYNTAX MARKER", "." )
jobfile.writec( "EXTERNAL SUPERELEMENT METHOD", "NONE" )
jobfile.writec( "GRID COORDINATES ROUNDING", "15" )
jobfile.writec( "COORD DATA PRECISION ROUNDING", "15" )
jobfile.writec( "MPC DATA PRECISION ROUNDING", "15" )
jobfile.writec( "LBC DATA PRECISION ROUNDING", "7" )
jobfile.writec( "MAT DATA PRECISION ROUNDING", "15" )
jobfile.writec( "PROP DATA PRECISION ROUNDING", "7" )
jobfile.writec( "USE LEGACY PRECISION", "FALSE" )
jobfile.writec( "EXPONENTIAL WRITE", "As Needed" )
jobfile.writec( "EXPONENTIAL FORM", "Condensed" )
jobfile.writec( "", "" )
jobfile.writec( "", "/*" )
jobfile.writec( "", " * Solution Parameters" )
jobfile.writec( "", " */" )
jobfile.writec( "", "" )
jobfile.writec( "SOLUTION TYPE", "FREQUENCY RESPONSE" )
jobfile.writei( "SOLUTION SEQUENCE", 111 )
jobfile.writec( "CONTACT CHECK", "OFF" )
jobfile.writec( "DATABASE RUN", "ON" )
jobfile.writec( "FORMULATION", "Modal" )
jobfile.writec( "CYCLIC SYMMETRY", "OFF" )
jobfile.writec( "AUTOMATIC CONSTRAINTS", "ON" )
jobfile.writec( "SHELL NORMAL TOLERANCE", "" )
jobfile.writec( "MASS CALCULATION", "Lumped" )
jobfile.writec( "DATA DECK ECHO", "None" )
jobfile.writec( "PLATE RZ STIFFNESS FACTOR", "100.0" )
jobfile.writec( "MAXIMUM PRINTED LINES", "" )
jobfile.writec( "MAXIMUM RUN TIME", "" )
jobfile.writec( "WT-MASS CONVERSION", "1.0" )
jobfile.writec( "NODE ID FOR WT-GENER", "" )
jobfile.writec( "RIGID ELEMENT TYPE", "LINEAR" )
jobfile.writec( "STRUCTURAL DAMPING COEFF.", "0.02" )
jobfile.writec( "RESIDUAL VECTOR", "Nastran Default" )
jobfile.writec( "NEFV STRESS UNITS", "MPA" )
jobfile.writec( "NEFV STRESS COMBINATION", "ABSMAXPR" )
jobfile.writec( "NEFV RESULT LOCATION", "NODA" )
jobfile.writec( "NEFV RECOVERY LOCATION", "CORNER" )
jobfile.writec( "NEFV LAYER LOCATION", "WORST" )
jobfile.writec( "NEFV OUTPUT LEVEL", "0" )
jobfile.writer( "NEFV TOP RMS STRESS FILTER", 100. )
jobfile.writec( "NEFV RAINFLOW METHOD", "DIRLIK" )
jobfile.writec( "NEFV MAX RMS STRESS", "10.0" )
jobfile.writec( "NEFV CLIP LEVEL", "10.0" )
jobfile.writec( "NEFV PEAK RMS LEVEL", "5.0" )
jobfile.writec( "NEFV NUMBER OF STRESS BINS", "32" )
jobfile.writer( "NEFV PERCENT FREQUENCY CONTENT", 99.900002 )
jobfile.writec( "NEFV N CYCLES CALCULATION METHOD", "AVG" )
jobfile.writec( "NEFV TIME HISTORY DIRECTORY", "C:\Users\Andrés" )
jobfile.writec( "NEFV CHANNEL DATA FILE TYPE", "RPC" )
jobfile.writei( "NEFV MAX FRF LOADS PER EVENT", 1 )
jobfile.writei( "NEFV MAX PSD LOADS PER EVENT", 1 )
jobfile.writei( "NEFV NUMBER OF CROSS TERMS", 0 )
jobfile.writei( "NEFV NUMBER OF DETERMINISTIC LOADS", 1 )
jobfile.writec( "NEFV EVENT DATA", "0" )
jobfile.writec( "NEFV LOAD SEQUENCE DATA", "0" )
jobfile.writec( "REAL EIGENVALUE EXTRACTION METHOD", "Lanczos" )
jobfile.writec( "LOWER FREQUENCY RANGE", "" )
jobfile.writec( "UPPER FREQUENCY RANGE", "" )
jobfile.writec( "REAL EIGNVALUE NUMBER OF DESIRED ROOTS", "10" )
jobfile.writec( "DIAGNOSTIC OUTPUT LEVEL", "0" )
jobfile.writec( "USE CONTACT TABLE", "OFF" )
jobfile.writec( "INITIAL CONTACTPAIR LOADCASE NAME", "" )
jobfile.writei( "MDOF DATA", 0 )
jobfile.writec( "CELL WRITE", "ON" )
jobfile.writei( "CELL INPUT 0", 0 )
jobfile.writec( "FMS WRITE", "ON" )
jobfile.writei( "FMS INPUT 0", 0 )
jobfile.writec( "EXEC WRITE", "ON" )
jobfile.writei( "EXEC INPUT 0", 0 )
jobfile.writec( "CASE WRITE", "ON" )
jobfile.writei( "CASE INPUT 0", 0 )
jobfile.writec( "BULK WRITE", "ON" )
jobfile.writei( "BULK INPUT 0", 0 )
jobfile.writec( "CELL DTI POSITION", "START" )
jobfile.writec( "FMS DTI POSITION", "START" )
jobfile.writec( "EXEC DTI POSITION", "START" )
jobfile.writec( "CASE DTI POSITION", "START" )
jobfile.writec( "BULK DTI POSITION", "START" )
jobfile.writec( "", "END" )
jobfile.close(  )
mscnastran_job.associate_subcases( "111", "sinusoidal6", 1, ["Carga_armonica"] )
analysis_submit_2( "MSC.Nastran", "sinusoidal6" )
$# Patran 2020  (Student Edition) has obtained 0 concurrent license(s) from 
$# FLEXlm per a request to execute on Windows node TEMIS(48a4728ba777) (
$# Windows 6.2 (Build 9200: Service Pack 0)) at 04-Apr-21 20:18:41.
$# 
$# Reading model information from the specified database, 
$# D:\0_Andres\1_Universidad\MUSE\EUE\Trabajos_EUE\Practica1\Nastran\sinusoida
$# l6\sinusoidal6.db.
$# Messages output from the Patran 2020  (Student Edition) input deck 
$# translator on April     04, 2021 at 20:18:41.
$# 
$# The NASTRAN input file, sinusoidal6.bdf, has been successfully opened.
$# 
$# Translating 1 elements from the element property region masa_puntual.
$# 
$# Translating 120 elements from the element property region viga.
$# 
$# 2 property regions translated.
$# 
$# Translating 1 referenced material records.
$# 
$# Translating 1 multipoint constraints from the entire model.
$# 
$# Translating 122 nodes from the entire model.
$# 
$# Writing loads for Load Case : Carga_armonica.
$# 
$# Translating nodal constraints in load set : BC.
$# Writing interface element lbcs.
$# Total execution time in real seconds: 0.01
$# Total execution time in CPU seconds: 0.157013
$# 
$# End of NASTRAN input file translation.
$# Student Edition Patran Nastran Preference Patran 2020  (Student Edition) 
$# has released 0 license(s) to FLEXlm at 04-Apr-21 20:18:41.
$# The translation has completed successfully.
$# Executing /bin/sh -c D:\Archivos de 
$# programa\MSC.Software\NaPa_SE\2020\Patran\bi
$# n\MscNastranExecute.exe -j sinusoidal6 -m bdf -x 2020 -c 
$# %%prog=edu%auth=edu%arc
$# h=64% -v
uil_primary_file.db_save(  )
uil_primary_file.db_save(  )
$# Flushing the User Data Manager
$# Journal file stopped recording at 04-Apr-21 20:28:11
