$# Creating journal file 
$# D:\0_Andres\1_Universidad\MUSE\EUE\Practica1_EUE\EUE_Elena\Parte_1\viga2\vi
$# ga2.db.jou at 10-Jun-21 01:06:54
uil_file_rebuild.start("D:\Archivos de programa\MSC.Software\NaPa_SE\2020\" // @
"Patran/template.db","D:\0_Andres\1_Universidad\MUSE\EUE\Practica1_EUE\EUE" // @
"_Elena\Parte_1\viga2\viga2.db")
$# Synchronizing the User Data Manager
set_current_dir( "D:\0_Andres\1_Universidad\MUSE\EUE\Practica1_EUE\EUE_Ele" // @
"na\Parte_1\viga2" )
$# The current working directory has been changed to the database location 
$# shown.                                                                     
$#                                                                            
$#                                   
db_set_pref( 303, 3, 0, FALSE, 0.00030000001, "" )
STRING asm_create_grid_xyz_created_ids[VIRTUAL]
asm_const_grid_xyz( "1", "[0 0 0]", "Coord 0", asm_create_grid_xyz_created_ids )
$# 1 Point created: Point 1
asm_const_grid_xyz( "2", "[0.6 0 0]", "Coord 0",  @
asm_create_grid_xyz_created_ids )
$# 1 Point created: Point 2
point_size( 9 )
STRING asm_line_2point_created_ids[VIRTUAL]
asm_const_line_2point( "1", "Point 1", "Point 2", 0, "", 50., 1,  @
asm_line_2point_created_ids )
$# 1 Line created: Line 1
material.create( "Analysis code ID", 1, "Analysis type ID", 1, "material", 0,  @
"Date: 10-Jun-21           Time: 00:39:04", "Isotropic", 1, "Directionality",  @
1, "Linearity", 1, "Homogeneous", 0, "Linear Elastic", 1,  @
"Model Options & IDs", ["", "", "", "", ""], [0, 0, 0, 0, 0], "Active Flag",  @
1, "Create", 10, "External Flag", FALSE, "Property IDs", ["Elastic Modulus",  @
"Poisson Ratio", "Density"], [2, 5, 16, 0], "Property Values", ["7e10", "0.3", @
 "1.1333e4", ""] )
beam_section_create( "R", "ROD", ["5e-4"] )
$# Beam Section "R" created.
elementprops_create( "beam", 11, 2, 42, 1, 1, 20, [39, 13, 6, 4042, 4043,  @
2047, 2048, 1, 10, 11, 4026, 1026, 4044, 4045, 4037, 4047, 4048, 4050, 4051,  @
4053, 4054, 4056, 4057, 8112, 4061, 4303, 8111, 4403, 4404, 4410, 4411, 8200,  @
8201, 8202], [11, 5, 2, 2, 2, 4, 4, 1, 1, 1, 1, 1, 1, 1, 1, 1, 1, 1, 1, 1, 1,  @
1, 1, 1, 6, 4, 4, 1, 1, 1, 6, 4, 4, 4], ["R", "m:material", "<0 0 1>",  @
"< 0 0 0 >", "< 0 0 0 >", "", "", "", "", "", "", "", "", "", "", "", "", "",  @
"", "", "", "", "", "", "", "", "", "", "", "", "", "Analysis", "Analysis",  @
"Analysis"], "" )
$# Property Set "beam" created.
mesh_seed_display_mgr.erase(  )
mesh_seed_create( "Curve 1", 2, 0, 0., 0.0099999998, 0. )
INTEGER fem_create_mesh_curve_num_nodes
INTEGER fem_create_mesh_curve_num_elems
STRING fem_create_mesh_c_nodes_created[VIRTUAL]
STRING fem_create_mesh_c_elems_created[VIRTUAL]
fem_create_mesh_curv_1( "Curve 1", 16384, 0.059999999, "Bar2", "10", "10",  @
"Coord 0", "Coord 0", fem_create_mesh_curve_num_nodes,  @
fem_create_mesh_curve_num_elems, fem_create_mesh_c_nodes_created,  @
fem_create_mesh_c_elems_created )
$# 61 nodes and 60 elements created for Curve 1.
$# === 61 nodes created.  IDs  = 10:70.
$# === 60 elements created.  IDs  = 10:69.
fem_associate_elems_to_ep( "beam", fem_create_mesh_c_elems_created,  @
fem_create_mesh_curve_num_elems )
$# 60 Element(s) associated to the Element Property beam.
mesh_seed_display_mgr.erase(  )
$#  Beginning analysis of  viga2
jobfile.open( "viga2", "ANALYZE NO JOBFILE" )
msc_delete_old_files( "viga2", ".bdf", ".op2" )
jobfile.write_spl( "/* Jobfile for PATNAS created %A% at %A% */", ["10-Jun-21" @
, "01:10:02"] )
jobfile.writec( "", "TRANSLATOR = pat3nas" )
jobfile.writec( "DATABASE", "D:\0_Andres\1_Universidad\MUSE\EUE\Practica1_" // @
"EUE\EUE_Elena\Parte_1\viga2\viga2.db" )
jobfile.writec( "JOBNAME", "viga2" )
jobfile.writec( "ANALYSIS TITLE", "MSC.Nastran job created on 10-Jun-21 at" // @
" 01:09:56" )
jobfile.writec( "ANALYSIS SUBTITLE", "" )
jobfile.writec( "ANALYSIS LABEL", "" )
jobfile.writec( "", "" )
jobfile.writec( "OBJECT", "Entire Model" )
jobfile.writec( "METHOD", "Full Run" )
jobfile.writec( "", "" )
jobfile.writec( "MODEL SUFFIX", ".bdf" )
jobfile.writec( "RESULTS SUFFIX", ".op2" )
jobfile.writec( "", "" )
jobfile.writec( "", "/*" )
jobfile.writec( "", " * File Search Path Declaration" )
jobfile.writec( "", " */" )
jobfile.writec( "", "" )
jobfile.writec( "File Search Path", "D:\Archivos de programa\MSC.Software\" // @
"NaPa_SE\2020\Patran\mscexplore_files\" )
jobfile.writec( "File Search Path", "D:\Archivos de programa\MSC.Software\" // @
"NaPa_SE\2020\Patran\bin\exe" )
jobfile.writec( "File Search Path", "D:\Archivos de programa\MSC.Software\" // @
"NaPa_SE\2020\Patran\bin" )
jobfile.writec( "File Search Path", "D:\Archivos de programa\MSC.Software\" // @
"NaPa_SE\2020\Patran\icons\RibbonIcons" )
jobfile.writec( "File Search Path", "D:\Archivos de programa\MSC.Software\" // @
"NaPa_SE\2020\Patran\icons" )
jobfile.writec( "File Search Path", "D:\Archivos de programa\MSC.Software\" // @
"NaPa_SE\2020\Patran\alters" )
jobfile.writec( "File Search Path", "D:\Archivos de programa\MSC.Software\" // @
"NaPa_SE\2020\Patran\helpfiles" )
jobfile.writec( "File Search Path", "D:\Archivos de programa\MSC.Software\" // @
"NaPa_SE\2020\Patran" )
jobfile.writec( "File Search Path", "D:\Archivos de programa\MSC.Software\" // @
"NaPa_SE\2020\Patran\shareware\msc\unsupported\utilities\extra_files" )
jobfile.writec( "File Search Path", "D:\Archivos de programa\MSC.Software\" // @
"NaPa_SE\2020\Patran\shareware\msc\unsupported\utilities\plb" )
jobfile.writec( "File Search Path", "D:\Archivos de programa\MSC.Software\" // @
"NaPa_SE\2020\Patran\shareware\msc\unsupported\utilities\icons" )
jobfile.writec( "File Search Path", "D:\Archivos de programa\MSC.Software\" // @
"NaPa_SE\2020\Patran\mscprocor_files\icons" )
jobfile.writec( "File Search Path", "D:\Archivos de programa\MSC.Software\" // @
"NaPa_SE\2020\Patran\mscprocor_files\lib" )
jobfile.writec( "File Search Path", "D:\Archivos de programa\MSC.Software\" // @
"NaPa_SE\2020\Patran\mscprocor_files\plb" )
jobfile.writec( "File Search Path", "D:\Archivos de programa\MSC.Software\" // @
"NaPa_SE\2020\Patran\mscprocor_files\dmap" )
jobfile.writec( "File Search Path", "C:\Users\Andrés" )
jobfile.writec( "", "" )
jobfile.writec( "", "/*" )
jobfile.writec( "", " * Translation Parameters" )
jobfile.writec( "", " */" )
jobfile.writec( "", "" )
jobfile.writec( "DATA OUTPUT", "HDF5+PRINT" )
jobfile.writec( "OUTPUT2 REQUESTS", "P3 Built In" )
jobfile.writec( "OUTPUT2 FORMAT", "Binary" )
jobfile.writec( "DIVISION TOLERANCE", "1.0e-08" )
jobfile.writec( "NUMERICAL TOLERANCE", "1.0e-04" )
jobfile.writec( "WRITING TOLERANCE", "1.0e-21" )
jobfile.writec( "GEOM CHECK", "INFORM" )
jobfile.writec( "SORTED BULK", "NO" )
jobfile.writec( "CARD FORMAT", "either" )
jobfile.writec( "NODE COORDINATES", "reference frame" )
jobfile.writec( "COORD COORDINATES", "global" )
jobfile.writec( "MSC.Nastran VERSION", "2020." )
jobfile.writec( "WRITE STORED PRECISION", "TRUE" )
jobfile.writec( "WRITE IN FREE FORMAT", "FALSE" )
jobfile.writec( "PROPS ON ELEM ENTRY", "FALSE" )
jobfile.writec( "CONTINUATION ENTRY", "FALSE" )
jobfile.writec( "PCOMPG ENTRY", "TRUE" )
jobfile.writec( "CONVERT CBAR CBEAM", "FALSE" )
jobfile.writec( "ITERATIVE SOLVER", "FALSE" )
jobfile.writei( "SUPER ELEMENT 0", 0 )
jobfile.writec( "SEALL WRITE", "FALSE" )
jobfile.writec( "PART SUPERELEMENT CREATE", "TRUE" )
jobfile.writec( "AUTOQSET", "FALSE" )
jobfile.writec( "FIXEDB", "FALSE" )
jobfile.writei( "SUPER TREE COUNT", 0 )
jobfile.writec( "MODEL TOLERANCE", "0.00030000001" )
jobfile.writec( "ELEMENT PROPERTY OFFSET", "0" )
jobfile.writec( "MATERIAL PROPERTY OFFSET", "0" )
jobfile.writec( "TABLE OFFSET", "0" )
jobfile.writec( "LOAD SET OFFSET", "0" )
jobfile.writec( "LOAD CASE OFFSET", "0" )
jobfile.writec( "CONTROL SET OFFSET", "0" )
jobfile.writec( "RIGID ELEMENT OFFSET", "0" )
jobfile.writec( "SCALAR POINT OFFSET", "0" )
jobfile.writec( "BEGINNING CONTINUATION MARKER", "+      A" )
jobfile.writec( "NUMBER ONLY", "ON" )
jobfile.writec( "BEGINNING NUMBER", "OFF" )
jobfile.writec( "TRAILING NUMBER", "OFF" )
jobfile.writec( "SYNTAX NUMBER", "ON" )
jobfile.writec( "SYNTAX MARKER", "." )
jobfile.writec( "EXTERNAL SUPERELEMENT METHOD", "NONE" )
jobfile.writec( "GRID COORDINATES ROUNDING", "15" )
jobfile.writec( "COORD DATA PRECISION ROUNDING", "15" )
jobfile.writec( "MPC DATA PRECISION ROUNDING", "15" )
jobfile.writec( "LBC DATA PRECISION ROUNDING", "7" )
jobfile.writec( "MAT DATA PRECISION ROUNDING", "15" )
jobfile.writec( "PROP DATA PRECISION ROUNDING", "7" )
jobfile.writec( "USE LEGACY PRECISION", "FALSE" )
jobfile.writec( "EXPONENTIAL WRITE", "As Needed" )
jobfile.writec( "EXPONENTIAL FORM", "Condensed" )
jobfile.writec( "", "" )
jobfile.writec( "", "/*" )
jobfile.writec( "", " * Solution Parameters" )
jobfile.writec( "", " */" )
jobfile.writec( "", "" )
jobfile.writec( "SOLUTION TYPE", "NORMAL MODES" )
jobfile.writei( "SOLUTION SEQUENCE", 103 )
jobfile.writec( "CONTACT CHECK", "OFF" )
jobfile.writec( "DATABASE RUN", "ON" )
jobfile.writec( "INTERACTIVE MODES", "OFF" )
jobfile.writec( "CYCLIC SYMMETRY", "OFF" )
jobfile.writec( "AUTOMATIC CONSTRAINTS", "ON" )
jobfile.writec( "SHELL NORMAL TOLERANCE", "" )
jobfile.writec( "MASS CALCULATION", "Lumped" )
jobfile.writec( "DATA DECK ECHO", "None" )
jobfile.writec( "PLATE RZ STIFFNESS FACTOR", "100.0" )
jobfile.writec( "MAXIMUM PRINTED LINES", "" )
jobfile.writec( "MAXIMUM RUN TIME", "" )
jobfile.writec( "WT-MASS CONVERSION", "1.0" )
jobfile.writec( "NODE ID FOR WT-GENER", "" )
jobfile.writec( "RIGID ELEMENT TYPE", "LINEAR" )
jobfile.writec( "USE SOL600", "OFF" )
jobfile.writec( "RESIDUAL VECTOR", "Nastran Default" )
jobfile.writec( "SN MEAN STRESS CORRECTION", "NONE" )
jobfile.writec( "NEF FATIGUE STRESS OUTPUT", "NONE" )
jobfile.writec( "NEF STRESS UNITS", "MPA" )
jobfile.writec( "NEF STRESS COMBINATION", "ABSMAXPR" )
jobfile.writec( "NEF RESULT LOCATION", "NODA" )
jobfile.writec( "NEF RECOVERY LOCATION", "CORNER" )
jobfile.writec( "NEF LAYER LOCATION", "WORST" )
jobfile.writec( "NEF INTERPOLATION LIMIT", "0" )
jobfile.writec( "NEF LEVEL OF MESSAGE", "0" )
jobfile.writec( "NEF NUMBER OF THREADS", "1" )
jobfile.writer( "NEF CERTAINTY OF SURVIVAL", 50. )
jobfile.writer( "NEF OVERALL SCALE FACTOR", 1. )
jobfile.writer( "NEF TOP STRESS PERCENTAGE FILTER", 100. )
jobfile.writer( "NEF TOP DAMAGE PERCENTAGE FILTER", 100. )
jobfile.writec( "NEF TIME HISTORY DIRECTORY", "C:\Users\Andrés" )
jobfile.writei( "NEF MAX LOAD PER EVENT", 1 )
jobfile.writec( "NEF EVENT DATA", "0" )
jobfile.writec( "NEF LOAD SEQUENCE DATA", "0" )
jobfile.writec( "USE CONTACT TABLE", "OFF" )
jobfile.writec( "INITIAL CONTACTPAIR LOADCASE NAME", "" )
jobfile.writei( "MDOF DATA", 0 )
jobfile.writec( "CELL WRITE", "ON" )
jobfile.writei( "CELL INPUT 0", 0 )
jobfile.writec( "FMS WRITE", "ON" )
jobfile.writei( "FMS INPUT 0", 0 )
jobfile.writec( "EXEC WRITE", "ON" )
jobfile.writei( "EXEC INPUT 0", 0 )
jobfile.writec( "CASE WRITE", "ON" )
jobfile.writei( "CASE INPUT 0", 0 )
jobfile.writec( "BULK WRITE", "ON" )
jobfile.writei( "BULK INPUT 0", 0 )
jobfile.writec( "CELL DTI POSITION", "START" )
jobfile.writec( "FMS DTI POSITION", "START" )
jobfile.writec( "EXEC DTI POSITION", "START" )
jobfile.writec( "CASE DTI POSITION", "START" )
jobfile.writec( "BULK DTI POSITION", "START" )
jobfile.writec( "", "END" )
jobfile.close(  )
mscnastran_job.associate_subcases( "103", "viga2", 1, ["Default"] )
analysis_submit_2( "MSC.Nastran", "viga2" )
$# Patran 2020  (Student Edition) has obtained 0 concurrent license(s) from 
$# FLEXlm per a request to execute on Windows node TEMIS(48a4728ba777) (
$# Windows 6.2 (Build 9200: Service Pack 0)) at 10-Jun-21 01:10:02.
$# 
$# Reading model information from the specified database, 
$# D:\0_Andres\1_Universidad\MUSE\EUE\Practica1_EUE\EUE_Elena\Parte_1\viga2\vi
$# ga2.db.
$# Messages output from the Patran 2020  (Student Edition) input deck 
$# translator on June      10, 2021 at 01:10:02.
$# 
$# The NASTRAN input file, viga2.bdf, has been successfully opened.
$# 
$# Translating 60 elements from the element property region beam.
$# 
$# 1 property regions translated.
$# 
$# Translating 1 referenced material records.
$# 
$# Translating 61 nodes from the entire model.
$# 
$# Writing loads for Load Case : Default.
$# Writing interface element lbcs.
$# Total execution time in real seconds: 0.01
$# Total execution time in CPU seconds: 0.140991
$# 
$# End of NASTRAN input file translation.
$# Student Edition Patran Nastran Preference Patran 2020  (Student Edition) 
$# has released 0 license(s) to FLEXlm at 10-Jun-21 01:10:02.
$# The translation has completed successfully.
$# Executing /bin/sh -c D:\Archivos de 
$# programa\MSC.Software\NaPa_SE\2020\Patran\bi
$# n\MscNastranExecute.exe -j viga2 -m bdf -x 2020 -c 
$# %%prog=edu%auth=edu%arch=64% 
$# -v
uil_primary_file.db_save(  )
$# Flushing the User Data Manager
$# Journal file stopped recording at 10-Jun-21 01:11:12
$# Appending to existing journal file 
$# D:\0_Andres\1_Universidad\MUSE\EUE\Practica1_EUE\Teoria\Parte_1\viga2\viga2
$# .db.jou at 12-Jun-21 17:20:48
$# Synchronizing the User Data Manager
set_current_dir( "D:\0_Andres\1_Universidad\MUSE\EUE\Practica1_EUE\Teoria\" // @
"Parte_1\viga2" )
$# The current working directory has been changed to the database location 
$# shown.                                                                     
$#                                                                            
$#                                   
mesh_seed_display_mgr.erase(  )
mesh_seed_display_mgr.erase(  )
INTEGER fem_delete_any_nnode
INTEGER fem_delete_any_idnodes(VIRTUAL)
INTEGER fem_delete_any_nnon
INTEGER fem_delete_any_idnoexist(VIRTUAL)
fem_get_node_ids( "Node 1:51 Elm 1:50", fem_delete_any_nnode,  @
fem_delete_any_idnodes, fem_delete_any_nnon, fem_delete_any_idnoexist )
$# 9 FEM entities do not exist or are still associated and cannot be deleted: 
$# Node 1:9
INTEGER fem_delete_any_nnode_groups
INTEGER fem_delete_node_assoc_group_ids(VIRTUAL)
fem_get_node_assoc_groups( 42, [10, 11, 12, 13, 14, 15, 16, 17, 18, 19, 20,  @
21, 22, 23, 24, 25, 26, 27, 28, 29, 30, 31, 32, 33, 34, 35, 36, 37, 38, 39,  @
40, 41, 42, 43, 44, 45, 46, 47, 48, 49, 50, 51, 0, 0, 0, 0, 0, 0, 0, 0, 0],  @
fem_delete_any_nnode_groups, fem_delete_node_assoc_group_ids )
INTEGER fem_delete_any_nelem
INTEGER fem_delete_any_idelems(VIRTUAL)
fem_get_elem_ids( "Node 1:51 Elm 1:50", fem_delete_any_nelem,  @
fem_delete_any_idelems, fem_delete_any_nnon, fem_delete_any_idnoexist )
$# 9 FEM entities do not exist or are still associated and cannot be deleted: 
$# Element 1:9
INTEGER fem_delete_any_nelem_groups
INTEGER fem_delete_elem_assoc_group_ids(VIRTUAL)
fem_get_elem_assoc_groups( 41, [10, 11, 12, 13, 14, 15, 16, 17, 18, 19, 20,  @
21, 22, 23, 24, 25, 26, 27, 28, 29, 30, 31, 32, 33, 34, 35, 36, 37, 38, 39,  @
40, 41, 42, 43, 44, 45, 46, 47, 48, 49, 50, 0, 0, 0, 0, 0, 0, 0, 0, 0],  @
fem_delete_any_nelem_groups, fem_delete_elem_assoc_group_ids )
STRING fem_delete_any_deleted_ids[VIRTUAL]
fem_delete_elem_and_node( "Node 1:51 Elm 1:50", fem_delete_any_deleted_ids )
$# 41 elements deleted. IDs = Element 10:50
$# 41 nodes deleted. IDs = Node 10:50
STRING fem_delete_any_not_found_ids[VIRTUAL]
fem_delete_free_node( "Node 1:51 Elm 1:50", fem_delete_any_deleted_ids,  @
fem_delete_any_not_found_ids )
$# No Nodes deleted.
$# 51 FEM entities do not exist or are still associated and cannot be 
$# deleted: Node 1:51
fem_delete_assoc_group( 2, [1, 1], fem_delete_any_deleted_ids )
$# No Groups deleted.
INTEGER fem_create_mesh_curve_num_nodes
INTEGER fem_create_mesh_curve_num_elems
STRING fem_create_mesh_c_nodes_created[VIRTUAL]
STRING fem_create_mesh_c_elems_created[VIRTUAL]
fem_create_mesh_curv_1( "Curve 1", 16384, 0.059999999, "Bar2", "100", "100",  @
"Coord 0", "Coord 0", fem_create_mesh_curve_num_nodes,  @
fem_create_mesh_curve_num_elems, fem_create_mesh_c_nodes_created,  @
fem_create_mesh_c_elems_created )
$# Question from application FEM
$#     Do you wish to delete the existing mesh on Curve 1?
$? YESFORALL 2001103 
$# 61 nodes and 60 elements created for Curve 1.
$# === 61 nodes created.  IDs  = 100:160.
$# === 60 elements created.  IDs  = 100:159.
fem_associate_elems_to_ep( "beam", fem_create_mesh_c_elems_created,  @
fem_create_mesh_curve_num_elems )
$# 60 Element(s) associated to the Element Property beam.
node_label( TRUE )
ga_view_center_set( -0.037390, 0.001524 )
ga_view_zoom_set( 0.135683 )
ga_view_center_set( -0.079822, 0.003177 )
ga_view_zoom_set( 0.152643 )
ga_view_center_set( -0.037329, 0.001708 )
ga_view_zoom_set( 0.135683 )
ga_view_center_set( -0.079822, 0.002932 )
ga_view_zoom_set( 0.152643 )
ga_view_center_set( -0.127626, 0.004310 )
ga_view_zoom_set( 0.171724 )
ga_view_center_set( -0.181406, 0.005860 )
ga_view_zoom_set( 0.193189 )
ga_view_center_set( -0.242170, 0.006034 )
ga_view_zoom_set( 0.217338 )
ga_view_center_set( -0.310530, 0.006230 )
ga_view_zoom_set( 0.244505 )
ga_view_center_set( -0.242170, 0.006034 )
ga_view_zoom_set( 0.217338 )
ga_view_center_set( -0.132795, 0.005406 )
ga_view_zoom_set( 0.173870 )
ga_view_center_set( -0.045295, 0.004904 )
ga_view_zoom_set( 0.139096 )
ga_view_center_set( 0.025007, 0.004703 )
ga_view_zoom_set( 0.111277 )
ga_view_center_set( 0.056252, 0.004614 )
ga_view_zoom_set( 0.098913 )
ga_view_center_set( 0.106244, 0.004471 )
ga_view_zoom_set( 0.079130 )
ga_view_center_set( 0.128462, 0.004408 )
ga_view_zoom_set( 0.070338 )
ga_view_center_set( 0.163149, 0.003494 )
ga_view_zoom_set( 0.056270 )
ga_view_center_set( 0.200158, 0.001222 )
ga_view_zoom_set( 0.040924 )
ga_view_center_set( 0.211091, 0.000697 )
ga_view_zoom_set( 0.036377 )
ga_view_center_set( 0.220809, 0.000230 )
ga_view_zoom_set( 0.032335 )
ga_view_center_set( 0.211776, 0.000434 )
ga_view_zoom_set( 0.036377 )
ga_view_center_set( 0.201615, 0.000664 )
ga_view_zoom_set( 0.040924 )
ga_view_center_set( 0.190184, 0.000922 )
ga_view_zoom_set( 0.046039 )
ga_view_center_set( 0.177324, 0.001213 )
ga_view_zoom_set( 0.051794 )
ga_view_center_set( 0.174028, 0.002125 )
ga_view_zoom_set( 0.058269 )
ga_view_center_set( 0.167954, 0.005201 )
ga_view_zoom_set( 0.080119 )
ga_view_center_set( 0.167520, 0.006720 )
ga_view_zoom_set( 0.090134 )
ga_view_center_set( 0.202581, 0.006720 )
ga_view_zoom_set( 0.101401 )
ga_view_center_set( 0.236305, 0.009740 )
ga_view_zoom_set( 0.114076 )
ga_view_aa_set( -0.484486, 68.997833, 1.437112 )
ga_view_aa_set( 0., 0., 0. )
ga_view_aa_set( 0.000000, -1.000000, 0.000000 )
uil_primary_file.db_save(  )
mesh_seed_display_mgr.erase(  )
$#  Beginning analysis of  viga2
jobfile.open( "viga2", "ANALYZE NO JOBFILE" )
$# Question from application APP INTERFACES
$#     The jobname (viga2) is already defined in the database. Do you wish to 
$# overwrite?
$? YES 6016027 
msc_delete_old_files( "viga2", ".bdf", ".op2" )
$# Question from application APP INTERFACES
$#     Files from a previous analysis conflict with the current job name: 
$# "viga2".  These files are viga2.xdb, viga2.f04, viga2.f06, viga2.log, 
$# viga2.pch, viga2.bdf.  Will you permit deletion of these files?
$? YES 6022037 
jobfile.write_spl( "/* Jobfile for PATNAS created %A% at %A% */", ["12-Jun-21" @
, "17:22:01"] )
jobfile.writec( "", "TRANSLATOR = pat3nas" )
jobfile.writec( "DATABASE", "D:\0_Andres\1_Universidad\MUSE\EUE\Practica1_" // @
"EUE\Teoria\Parte_1\viga2\viga2.db" )
jobfile.writec( "JOBNAME", "viga2" )
jobfile.writec( "ANALYSIS TITLE", "MSC.Nastran job created on 10-Jun-21 at" // @
" 01:09:56" )
jobfile.writec( "ANALYSIS SUBTITLE", "" )
jobfile.writec( "ANALYSIS LABEL", "" )
jobfile.writec( "", "" )
jobfile.writec( "OBJECT", "Entire Model" )
jobfile.writec( "METHOD", "Full Run" )
jobfile.writec( "", "" )
jobfile.writec( "MODEL SUFFIX", ".bdf" )
jobfile.writec( "RESULTS SUFFIX", ".op2" )
jobfile.writec( "", "" )
jobfile.writec( "", "/*" )
jobfile.writec( "", " * File Search Path Declaration" )
jobfile.writec( "", " */" )
jobfile.writec( "", "" )
jobfile.writec( "File Search Path", "D:\Archivos de programa\MSC.Software\" // @
"NaPa_SE\2020\Patran\mscexplore_files\" )
jobfile.writec( "File Search Path", "D:\Archivos de programa\MSC.Software\" // @
"NaPa_SE\2020\Patran\bin\exe" )
jobfile.writec( "File Search Path", "D:\Archivos de programa\MSC.Software\" // @
"NaPa_SE\2020\Patran\bin" )
jobfile.writec( "File Search Path", "D:\Archivos de programa\MSC.Software\" // @
"NaPa_SE\2020\Patran\icons\RibbonIcons" )
jobfile.writec( "File Search Path", "D:\Archivos de programa\MSC.Software\" // @
"NaPa_SE\2020\Patran\icons" )
jobfile.writec( "File Search Path", "D:\Archivos de programa\MSC.Software\" // @
"NaPa_SE\2020\Patran\alters" )
jobfile.writec( "File Search Path", "D:\Archivos de programa\MSC.Software\" // @
"NaPa_SE\2020\Patran\helpfiles" )
jobfile.writec( "File Search Path", "D:\Archivos de programa\MSC.Software\" // @
"NaPa_SE\2020\Patran" )
jobfile.writec( "File Search Path", "D:\Archivos de programa\MSC.Software\" // @
"NaPa_SE\2020\Patran\shareware\msc\unsupported\utilities\extra_files" )
jobfile.writec( "File Search Path", "D:\Archivos de programa\MSC.Software\" // @
"NaPa_SE\2020\Patran\shareware\msc\unsupported\utilities\plb" )
jobfile.writec( "File Search Path", "D:\Archivos de programa\MSC.Software\" // @
"NaPa_SE\2020\Patran\shareware\msc\unsupported\utilities\icons" )
jobfile.writec( "File Search Path", "D:\Archivos de programa\MSC.Software\" // @
"NaPa_SE\2020\Patran\mscprocor_files\icons" )
jobfile.writec( "File Search Path", "D:\Archivos de programa\MSC.Software\" // @
"NaPa_SE\2020\Patran\mscprocor_files\lib" )
jobfile.writec( "File Search Path", "D:\Archivos de programa\MSC.Software\" // @
"NaPa_SE\2020\Patran\mscprocor_files\plb" )
jobfile.writec( "File Search Path", "D:\Archivos de programa\MSC.Software\" // @
"NaPa_SE\2020\Patran\mscprocor_files\dmap" )
jobfile.writec( "File Search Path", "C:\Users\Andrés" )
jobfile.writec( "", "" )
jobfile.writec( "", "/*" )
jobfile.writec( "", " * Translation Parameters" )
jobfile.writec( "", " */" )
jobfile.writec( "", "" )
jobfile.writec( "DATA OUTPUT", "HDF5+PRINT" )
jobfile.writec( "OUTPUT2 REQUESTS", "P3 Built In" )
jobfile.writec( "OUTPUT2 FORMAT", "Binary" )
jobfile.writec( "DIVISION TOLERANCE", "1.0e-08" )
jobfile.writec( "NUMERICAL TOLERANCE", "1.0e-04" )
jobfile.writec( "WRITING TOLERANCE", "1.0e-21" )
jobfile.writec( "GEOM CHECK", "INFORM" )
jobfile.writec( "SORTED BULK", "NO" )
jobfile.writec( "CARD FORMAT", "either" )
jobfile.writec( "NODE COORDINATES", "reference frame" )
jobfile.writec( "COORD COORDINATES", "global" )
jobfile.writec( "MSC.Nastran VERSION", "2020." )
jobfile.writec( "WRITE STORED PRECISION", "TRUE" )
jobfile.writec( "WRITE IN FREE FORMAT", "FALSE" )
jobfile.writec( "PROPS ON ELEM ENTRY", "FALSE" )
jobfile.writec( "CONTINUATION ENTRY", "FALSE" )
jobfile.writec( "PCOMPG ENTRY", "TRUE" )
jobfile.writec( "CONVERT CBAR CBEAM", "FALSE" )
jobfile.writec( "ITERATIVE SOLVER", "FALSE" )
jobfile.writei( "SUPER ELEMENT 0", 0 )
jobfile.writec( "SEALL WRITE", "FALSE" )
jobfile.writec( "PART SUPERELEMENT CREATE", "TRUE" )
jobfile.writec( "AUTOQSET", "FALSE" )
jobfile.writec( "FIXEDB", "FALSE" )
jobfile.writei( "SUPER TREE COUNT", 0 )
jobfile.writec( "MODEL TOLERANCE", "0.00030000001" )
jobfile.writec( "ELEMENT PROPERTY OFFSET", "0" )
jobfile.writec( "MATERIAL PROPERTY OFFSET", "0" )
jobfile.writec( "TABLE OFFSET", "0" )
jobfile.writec( "LOAD SET OFFSET", "0" )
jobfile.writec( "LOAD CASE OFFSET", "0" )
jobfile.writec( "CONTROL SET OFFSET", "0" )
jobfile.writec( "RIGID ELEMENT OFFSET", "0" )
jobfile.writec( "SCALAR POINT OFFSET", "0" )
jobfile.writec( "BEGINNING CONTINUATION MARKER", "+      A" )
jobfile.writec( "NUMBER ONLY", "ON" )
jobfile.writec( "BEGINNING NUMBER", "OFF" )
jobfile.writec( "TRAILING NUMBER", "OFF" )
jobfile.writec( "SYNTAX NUMBER", "ON" )
jobfile.writec( "SYNTAX MARKER", "." )
jobfile.writec( "EXTERNAL SUPERELEMENT METHOD", "NONE" )
jobfile.writec( "GRID COORDINATES ROUNDING", "15" )
jobfile.writec( "COORD DATA PRECISION ROUNDING", "15" )
jobfile.writec( "MPC DATA PRECISION ROUNDING", "15" )
jobfile.writec( "LBC DATA PRECISION ROUNDING", "7" )
jobfile.writec( "MAT DATA PRECISION ROUNDING", "15" )
jobfile.writec( "PROP DATA PRECISION ROUNDING", "7" )
jobfile.writec( "USE LEGACY PRECISION", "FALSE" )
jobfile.writec( "EXPONENTIAL WRITE", "As Needed" )
jobfile.writec( "EXPONENTIAL FORM", "Condensed" )
jobfile.writec( "", "" )
jobfile.writec( "", "/*" )
jobfile.writec( "", " * Solution Parameters" )
jobfile.writec( "", " */" )
jobfile.writec( "", "" )
jobfile.writec( "SOLUTION TYPE", "NORMAL MODES" )
jobfile.writei( "SOLUTION SEQUENCE", 103 )
jobfile.writec( "CONTACT CHECK", "OFF" )
jobfile.writec( "DATABASE RUN", "ON" )
jobfile.writec( "INTERACTIVE MODES", "OFF" )
jobfile.writec( "CYCLIC SYMMETRY", "OFF" )
jobfile.writec( "AUTOMATIC CONSTRAINTS", "ON" )
jobfile.writec( "SHELL NORMAL TOLERANCE", "" )
jobfile.writec( "MASS CALCULATION", "Lumped" )
jobfile.writec( "DATA DECK ECHO", "None" )
jobfile.writec( "PLATE RZ STIFFNESS FACTOR", "100.0" )
jobfile.writec( "MAXIMUM PRINTED LINES", "" )
jobfile.writec( "MAXIMUM RUN TIME", "" )
jobfile.writec( "WT-MASS CONVERSION", "1.0" )
jobfile.writec( "NODE ID FOR WT-GENER", "" )
jobfile.writec( "RIGID ELEMENT TYPE", "LINEAR" )
jobfile.writec( "USE SOL600", "OFF" )
jobfile.writec( "RESIDUAL VECTOR", "Nastran Default" )
jobfile.writec( "SN MEAN STRESS CORRECTION", "NONE" )
jobfile.writec( "NEF FATIGUE STRESS OUTPUT", "NONE" )
jobfile.writec( "NEF STRESS UNITS", "MPA" )
jobfile.writec( "NEF STRESS COMBINATION", "ABSMAXPR" )
jobfile.writec( "NEF RESULT LOCATION", "NODA" )
jobfile.writec( "NEF RECOVERY LOCATION", "CORNER" )
jobfile.writec( "NEF LAYER LOCATION", "WORST" )
jobfile.writec( "NEF INTERPOLATION LIMIT", "0" )
jobfile.writec( "NEF LEVEL OF MESSAGE", "0" )
jobfile.writec( "NEF NUMBER OF THREADS", "1" )
jobfile.writer( "NEF CERTAINTY OF SURVIVAL", 50. )
jobfile.writer( "NEF OVERALL SCALE FACTOR", 1. )
jobfile.writer( "NEF TOP STRESS PERCENTAGE FILTER", 100. )
jobfile.writer( "NEF TOP DAMAGE PERCENTAGE FILTER", 100. )
jobfile.writec( "NEF TIME HISTORY DIRECTORY", "C:\Users\Andrés" )
jobfile.writei( "NEF MAX LOAD PER EVENT", 1 )
jobfile.writec( "NEF EVENT DATA", "0" )
jobfile.writec( "NEF LOAD SEQUENCE DATA", "0" )
jobfile.writec( "USE CONTACT TABLE", "OFF" )
jobfile.writec( "INITIAL CONTACTPAIR LOADCASE NAME", "" )
jobfile.writei( "MDOF DATA", 0 )
jobfile.writec( "CELL WRITE", "ON" )
jobfile.writei( "CELL INPUT 0", 0 )
jobfile.writec( "FMS WRITE", "ON" )
jobfile.writei( "FMS INPUT 0", 0 )
jobfile.writec( "EXEC WRITE", "ON" )
jobfile.writei( "EXEC INPUT 0", 0 )
jobfile.writec( "CASE WRITE", "ON" )
jobfile.writei( "CASE INPUT 0", 0 )
jobfile.writec( "BULK WRITE", "ON" )
jobfile.writei( "BULK INPUT 0", 0 )
jobfile.writec( "CELL DTI POSITION", "START" )
jobfile.writec( "FMS DTI POSITION", "START" )
jobfile.writec( "EXEC DTI POSITION", "START" )
jobfile.writec( "CASE DTI POSITION", "START" )
jobfile.writec( "BULK DTI POSITION", "START" )
jobfile.writec( "", "END" )
jobfile.close(  )
mscnastran_job.associate_subcases( "103", "viga2", 1, ["Default"] )
analysis_submit_2( "MSC.Nastran", "viga2" )
$# Patran 2020  (Student Edition) has obtained 0 concurrent license(s) from 
$# FLEXlm per a request to execute on Windows node TEMIS(48a4728ba777) (
$# Windows 6.2 (Build 9200: Service Pack 0)) at 12-Jun-21 17:22:01.
$# 
$# Reading model information from the specified database, 
$# D:\0_Andres\1_Universidad\MUSE\EUE\Practica1_EUE\Teoria\Parte_1\viga2\viga2
$# .db.
$# Messages output from the Patran 2020  (Student Edition) input deck 
$# translator on June      12, 2021 at 17:22:01.
$# 
$# The NASTRAN input file, viga2.bdf, has been successfully opened.
$# 
$# Translating 60 elements from the element property region beam.
$# 
$# 1 property regions translated.
$# 
$# Translating 1 referenced material records.
$# 
$# Translating 61 nodes from the entire model.
$# 
$# Writing loads for Load Case : Default.
$# Writing interface element lbcs.
$# Total execution time in real seconds: 1
$# Total execution time in CPU seconds: 0.123993
$# 
$# End of NASTRAN input file translation.
$# Student Edition Patran Nastran Preference Patran 2020  (Student Edition) 
$# has released 0 license(s) to FLEXlm at 12-Jun-21 17:22:02.
$# The translation has completed successfully.
$# Executing /bin/sh -c D:\Archivos de 
$# programa\MSC.Software\NaPa_SE\2020\Patran\bi
$# n\MscNastranExecute.exe -j viga2 -m bdf -x 2020 -c 
$# %%prog=edu%auth=edu%arch=64% 
$# -v
$# Flushing the User Data Manager
$# Journal file stopped recording at 12-Jun-21 17:23:14
